# Deity-navigator bounded-search extension for trainer_battle and trainer_class==RIVAL1.
# Chained after checkpoint mr_pokemon_after_oak; generated by navigate --search-to.
# Temporary PyBoy save-states were used only during search, not as proof.
DOWN 16
WAIT 84
DOWN 16
WAIT 84
A 2
WAIT 28
A 2
WAIT 28
A 2
WAIT 28
A 2
WAIT 28
A 2
WAIT 28
A 2
WAIT 28
A 2
WAIT 28
A 2
WAIT 28
A 2
WAIT 28
A 2
WAIT 28
A 2
WAIT 28
A 2
WAIT 28
A 2
WAIT 28
A 2
WAIT 28
A 2
WAIT 28
A 2
WAIT 28
A 2
WAIT 28
A 2
WAIT 28
A 2
WAIT 28
A 2
WAIT 28
A 2
WAIT 28
DOWN 16
WAIT 84
DOWN 16
WAIT 84
DOWN 16
WAIT 84
DOWN 16
WAIT 84
A 2
WAIT 28
A 2
WAIT 28
A 2
WAIT 28
A 2
WAIT 28
A 2
WAIT 28
A 2
WAIT 28
A 2
WAIT 28
A 2
WAIT 28
A 2
WAIT 28
A 2
WAIT 28
A 2
WAIT 28
A 2
WAIT 28
A 2
WAIT 28
A 2
WAIT 28
A 2
WAIT 28
A 2
WAIT 28
A 2
WAIT 28
A 2
WAIT 28
A 2
WAIT 28
A 2
WAIT 28
A 2
WAIT 28
A 2
WAIT 28
A 2
WAIT 28
A 2
WAIT 28
A 2
WAIT 28
A 2
WAIT 28
A 2
WAIT 28
A 2
WAIT 28
A 2
WAIT 28
A 2
WAIT 28
A 2
WAIT 28
A 2
WAIT 28
A 2
WAIT 28
A 2
WAIT 28
A 2
WAIT 28
A 2
WAIT 28
A 2
WAIT 28
A 2
WAIT 28
A 2
WAIT 28
A 2
WAIT 28
A 2
WAIT 28
A 2
WAIT 28
A 2
WAIT 28
A 2
WAIT 28
A 2
WAIT 28
A 2
WAIT 28
A 2
WAIT 28
A 2
WAIT 28
A 2
WAIT 28
A 2
WAIT 28
A 2
WAIT 28
A 2
WAIT 28
A 2
WAIT 28
A 2
WAIT 28
A 2
WAIT 28
A 2
WAIT 28
A 2
WAIT 28
A 2
WAIT 28
A 2
WAIT 28
A 2
WAIT 28
A 2
WAIT 28
A 2
WAIT 28
A 2
WAIT 28
A 2
WAIT 28
A 2
WAIT 28
A 2
WAIT 28
A 2
WAIT 28
A 2
WAIT 28
A 2
WAIT 28
A 2
WAIT 28
A 2
WAIT 28
A 2
WAIT 28
A 2
WAIT 28
A 2
WAIT 28
A 2
WAIT 28
A 2
WAIT 28
A 2
WAIT 28
A 2
WAIT 28
A 2
WAIT 28
A 2
WAIT 28
A 2
WAIT 28
A 2
WAIT 28
A 2
WAIT 28
A 2
WAIT 28
A 2
WAIT 28
A 2
WAIT 28
A 2
WAIT 28
A 2
WAIT 28
A 2
WAIT 28
A 2
WAIT 28
A 2
WAIT 28
A 2
WAIT 28
A 2
WAIT 28
A 2
WAIT 28
A 2
WAIT 28
A 2
WAIT 28
A 2
WAIT 28
A 2
WAIT 28
A 2
WAIT 28
A 2
WAIT 28
A 2
WAIT 28
A 2
WAIT 28
A 2
WAIT 28
A 2
WAIT 28
A 2
WAIT 28
A 2
WAIT 28
A 2
WAIT 28
A 2
WAIT 28
A 2
WAIT 28
A 2
WAIT 28
A 2
WAIT 28
A 2
WAIT 28
A 2
WAIT 28
A 2
WAIT 28
A 2
WAIT 28
A 2
WAIT 28
A 2
WAIT 28
A 2
WAIT 28
A 2
WAIT 28
A 2
WAIT 28
A 2
WAIT 28
A 2
WAIT 28
A 2
WAIT 28
A 2
WAIT 28
A 2
WAIT 28
A 2
WAIT 28
A 2
WAIT 28
A 2
WAIT 28
A 2
WAIT 28
A 2
WAIT 28
A 2
WAIT 28
A 2
WAIT 28
A 2
WAIT 28
A 2
WAIT 28
A 2
WAIT 28
A 2
WAIT 28
A 2
WAIT 28
A 2
WAIT 28
A 2
WAIT 28
A 2
WAIT 28
A 2
WAIT 28
A 2
WAIT 28
A 2
WAIT 28
A 2
WAIT 28
A 2
WAIT 28
A 2
WAIT 28
DOWN 16
WAIT 84
RIGHT 16
WAIT 84
DOWN 16
WAIT 84
DOWN 16
WAIT 84
LEFT 16
WAIT 84
LEFT 16
WAIT 84
DOWN 16
WAIT 84
DOWN 16
WAIT 84
LEFT 16
WAIT 84
LEFT 16
WAIT 84
DOWN 16
WAIT 84
DOWN 16
WAIT 84
DOWN 16
WAIT 84
DOWN 16
WAIT 84
DOWN 16
WAIT 84
LEFT 16
WAIT 84
DOWN 16
WAIT 84
DOWN 16
WAIT 84
DOWN 16
WAIT 84
DOWN 16
WAIT 84
DOWN 16
WAIT 84
LEFT 16
WAIT 84
DOWN 16
WAIT 84
LEFT 16
WAIT 84
LEFT 16
WAIT 84
LEFT 16
WAIT 84
DOWN 16
WAIT 84
DOWN 16
WAIT 84
DOWN 16
WAIT 84
DOWN 16
WAIT 84
DOWN 16
WAIT 84
DOWN 16
WAIT 84
DOWN 16
WAIT 84
DOWN 16
WAIT 84
DOWN 16
WAIT 84
RIGHT 16
WAIT 84
RIGHT 16
WAIT 84
RIGHT 16
WAIT 84
RIGHT 16
WAIT 84
RIGHT 16
WAIT 84
RIGHT 16
WAIT 84
RIGHT 16
WAIT 84
RIGHT 16
WAIT 84
DOWN 16
WAIT 84
DOWN 16
WAIT 84
RIGHT 16
WAIT 84
RIGHT 16
WAIT 84
A 2
WAIT 28
A 2
WAIT 28
A 2
WAIT 28
A 2
WAIT 28
A 2
WAIT 28
A 2
WAIT 28
A 2
WAIT 28
A 2
WAIT 28
A 2
WAIT 28
A 2
WAIT 28
A 2
WAIT 28
A 2
WAIT 28
A 2
WAIT 28
A 2
WAIT 28
A 2
WAIT 28
A 2
WAIT 28
A 2
WAIT 28
A 2
WAIT 28
A 2
WAIT 28
A 2
WAIT 28
A 2
WAIT 28
A 2
WAIT 28
A 2
WAIT 28
A 2
WAIT 28
