# Deity-navigator bounded-search extension for map==ELMS_LAB and x==4 and y==3 and script_mode==0 and script_running==0.
# Chained after checkpoint cherrygrove_post_rival; generated by navigate --search-to NEW_BARK_TOWN plus deterministic lab-entry/script-clear inputs.
# Temporary PyBoy save-states were used only during search, not as proof.
UP 16
WAIT 84
RIGHT 16
WAIT 84
RIGHT 16
WAIT 84
RIGHT 16
WAIT 84
RIGHT 16
WAIT 84
RIGHT 16
WAIT 84
RIGHT 16
WAIT 84
RIGHT 16
WAIT 84
RIGHT 16
WAIT 84
DOWN 16
WAIT 84
DOWN 16
WAIT 84
RIGHT 16
WAIT 84
RIGHT 16
WAIT 84
RIGHT 16
WAIT 84
RIGHT 16
WAIT 84
RIGHT 16
WAIT 84
DOWN 16
WAIT 84
DOWN 16
WAIT 84
RIGHT 16
WAIT 84
RIGHT 16
WAIT 84
RIGHT 16
WAIT 84
RIGHT 16
WAIT 84
RIGHT 16
WAIT 84
RIGHT 16
WAIT 84
RIGHT 16
WAIT 84
RIGHT 16
WAIT 84
UP 16
WAIT 84
UP 16
WAIT 84
UP 16
WAIT 84
RIGHT 16
WAIT 84
RIGHT 16
WAIT 84
RIGHT 16
WAIT 84
RIGHT 16
WAIT 84
RIGHT 16
WAIT 84
RIGHT 16
WAIT 84
UP 16
WAIT 84
RIGHT 16
WAIT 84
RIGHT 16
WAIT 84
RIGHT 16
WAIT 84
RIGHT 16
WAIT 84
RIGHT 16
WAIT 84
RIGHT 16
WAIT 84
RIGHT 16
WAIT 84
RIGHT 16
WAIT 84
RIGHT 16
WAIT 84
RIGHT 16
WAIT 84
RIGHT 16
WAIT 84
UP 16
WAIT 84
UP 16
WAIT 84
LEFT 16
WAIT 84
UP 16
WAIT 84
RIGHT 16
WAIT 84
RIGHT 16
WAIT 84
UP 16
WAIT 84
UP 16
WAIT 134
UP 16
WAIT 134
UP 16
WAIT 134
UP 16
WAIT 134
A 2
WAIT 28
A 2
WAIT 28
A 2
WAIT 28
A 2
WAIT 28
A 2
WAIT 28
A 2
WAIT 28
A 2
WAIT 28
A 2
WAIT 28
A 2
WAIT 28
A 2
WAIT 28
A 2
WAIT 28
A 2
WAIT 28
A 2
WAIT 28
A 2
WAIT 28
A 2
WAIT 28
A 2
WAIT 28
A 2
WAIT 28
A 2
WAIT 28
A 2
WAIT 28
A 2
WAIT 28
A 2
WAIT 28
A 2
WAIT 28
A 2
WAIT 28
A 2
WAIT 28
A 2
WAIT 28
A 2
WAIT 28
A 2
WAIT 28
A 2
WAIT 28
A 2
WAIT 28
A 2
WAIT 28
A 2
WAIT 28
A 2
WAIT 28
A 2
WAIT 28
A 2
WAIT 28
A 2
WAIT 28
A 2
WAIT 28
A 2
WAIT 28
A 2
WAIT 28
A 2
WAIT 28
A 2
WAIT 28
