# Deity-navigator bounded-search extension for event==EVENT_GAVE_MYSTERY_EGG_TO_ELM and map==ELMS_LAB and x==4 and y==8 and script_mode==0 and script_running==0.
# Chained after checkpoint elms_lab_post_officer; generated by navigate --search-to.
# Temporary PyBoy save-states were used only during search, not as proof.
UP 16
WAIT 84
RIGHT 16
WAIT 84
A 2
WAIT 28
A 2
WAIT 28
A 2
WAIT 28
A 2
WAIT 28
A 2
WAIT 28
A 2
WAIT 28
A 2
WAIT 28
A 2
WAIT 28
A 2
WAIT 28
A 2
WAIT 28
A 2
WAIT 28
A 2
WAIT 28
A 2
WAIT 28
A 2
WAIT 28
A 2
WAIT 28
A 2
WAIT 28
A 2
WAIT 28
A 2
WAIT 28
A 2
WAIT 28
A 2
WAIT 28
A 2
WAIT 28
A 2
WAIT 28
A 2
WAIT 28
A 2
WAIT 28
A 2
WAIT 28
A 2
WAIT 28
A 2
WAIT 28
A 2
WAIT 28
A 2
WAIT 28
A 2
WAIT 28
A 2
WAIT 28
A 2
WAIT 28
A 2
WAIT 28
A 2
WAIT 28
A 2
WAIT 28
A 2
WAIT 28
A 2
WAIT 28
A 2
WAIT 28
A 2
WAIT 28
A 2
WAIT 28
A 2
WAIT 28
A 2
WAIT 28
A 2
WAIT 28
A 2
WAIT 28
A 2
WAIT 28
A 2
WAIT 28
A 2
WAIT 28
A 2
WAIT 28
A 2
WAIT 28
DOWN 16
WAIT 84
DOWN 16
WAIT 84
DOWN 16
WAIT 84
DOWN 16
WAIT 84
A 2
WAIT 28
A 2
WAIT 28
A 2
WAIT 28
A 2
WAIT 28
A 2
WAIT 28
A 2
WAIT 28
A 2
WAIT 28
A 2
WAIT 28
A 2
WAIT 28
A 2
WAIT 28
A 2
WAIT 28
A 2
WAIT 28
A 2
WAIT 28
A 2
WAIT 28
A 2
WAIT 28
A 2
WAIT 28
A 2
WAIT 28
A 2
WAIT 28
A 2
WAIT 28
A 2
WAIT 28
