# Deity-navigator bounded-search extension for map==MR_POKEMONS_HOUSE and x==3 and y==6 and script_mode==0 and script_running==0.
# Chained after checkpoint route30_south; generated by navigate --search-to.
# Temporary PyBoy save-states were used only during search, not as proof.
UP 16
WAIT 84
UP 16
WAIT 84
UP 16
WAIT 84
RIGHT 16
WAIT 84
RIGHT 16
WAIT 84
RIGHT 16
WAIT 84
RIGHT 16
WAIT 84
UP 16
WAIT 84
UP 16
WAIT 84
UP 16
WAIT 84
UP 16
WAIT 84
UP 16
WAIT 84
UP 16
WAIT 84
UP 16
WAIT 84
UP 16
WAIT 84
UP 16
WAIT 84
UP 16
WAIT 84
RIGHT 16
WAIT 84
UP 16
WAIT 84
UP 16
WAIT 84
UP 16
WAIT 84
UP 16
WAIT 84
UP 16
WAIT 84
UP 16
WAIT 84
RIGHT 16
WAIT 84
RIGHT 16
WAIT 84
UP 16
WAIT 84
UP 16
WAIT 84
RIGHT 16
WAIT 84
UP 16
WAIT 84
UP 16
WAIT 84
UP 16
WAIT 84
A 2
WAIT 28
A 2
WAIT 28
A 2
WAIT 28
A 2
WAIT 28
A 2
WAIT 28
A 2
WAIT 28
A 2
WAIT 28
A 2
WAIT 28
A 2
WAIT 28
A 2
WAIT 28
A 2
WAIT 28
A 2
WAIT 28
A 2
WAIT 28
A 2
WAIT 28
A 2
WAIT 28
A 2
WAIT 28
A 2
WAIT 28
A 2
WAIT 28
A 2
WAIT 28
A 2
WAIT 28
A 2
WAIT 28
A 2
WAIT 28
A 2
WAIT 28
A 2
WAIT 28
A 2
WAIT 28
A 2
WAIT 28
A 2
WAIT 28
A 2
WAIT 28
A 2
WAIT 28
A 2
WAIT 28
A 2
WAIT 28
A 2
WAIT 28
A 2
WAIT 28
A 2
WAIT 28
A 2
WAIT 28
A 2
WAIT 28
A 2
WAIT 28
A 2
WAIT 28
A 2
WAIT 28
A 2
WAIT 28
A 2
WAIT 28
A 2
WAIT 28
A 2
WAIT 28
A 2
WAIT 28
A 2
WAIT 28
A 2
WAIT 28
A 2
WAIT 28
A 2
WAIT 28
A 2
WAIT 28
A 2
WAIT 28
A 2
WAIT 28
A 2
WAIT 28
A 2
WAIT 28
A 2
WAIT 28
A 2
WAIT 28
A 2
WAIT 28
A 2
WAIT 28
A 2
WAIT 28
A 2
WAIT 28
A 2
WAIT 28
A 2
WAIT 28
A 2
WAIT 28
A 2
WAIT 28
A 2
WAIT 28
A 2
WAIT 28
A 2
WAIT 28
A 2
WAIT 28
A 2
WAIT 28
A 2
WAIT 28
A 2
WAIT 28
A 2
WAIT 28
A 2
WAIT 28
A 2
WAIT 28
A 2
WAIT 28
A 2
WAIT 28
A 2
WAIT 28
A 2
WAIT 28
A 2
WAIT 28
A 2
WAIT 28
A 2
WAIT 28
A 2
WAIT 28
A 2
WAIT 28
A 2
WAIT 28
A 2
WAIT 28
A 2
WAIT 28
A 2
WAIT 28
A 2
WAIT 28
A 2
WAIT 28
A 2
WAIT 28
A 2
WAIT 28
A 2
WAIT 28
A 2
WAIT 28
LEFT 16
WAIT 84
UP 16
WAIT 84
UP 16
WAIT 84
UP 16
WAIT 84
UP 16
WAIT 84
UP 16
WAIT 84
A 2
WAIT 28
A 2
WAIT 28
A 2
WAIT 28
A 2
WAIT 28
A 2
WAIT 28
A 2
WAIT 28
A 2
WAIT 28
A 2
WAIT 28
A 2
WAIT 28
A 2
WAIT 28
A 2
WAIT 28
A 2
WAIT 28
A 2
WAIT 28
A 2
WAIT 28
A 2
WAIT 28
A 2
WAIT 28
A 2
WAIT 28
A 2
WAIT 28
A 2
WAIT 28
A 2
WAIT 28
A 2
WAIT 28
A 2
WAIT 28
A 2
WAIT 28
A 2
WAIT 28
A 2
WAIT 28
A 2
WAIT 28
A 2
WAIT 28
A 2
WAIT 28
A 2
WAIT 28
A 2
WAIT 28
A 2
WAIT 28
A 2
WAIT 28
A 2
WAIT 28
A 2
WAIT 28
A 2
WAIT 28
A 2
WAIT 28
A 2
WAIT 28
A 2
WAIT 28
A 2
WAIT 28
A 2
WAIT 28
A 2
WAIT 28
A 2
WAIT 28
A 2
WAIT 28
A 2
WAIT 28
A 2
WAIT 28
A 2
WAIT 28
A 2
WAIT 28
A 2
WAIT 28
A 2
WAIT 28
A 2
WAIT 28
A 2
WAIT 28
A 2
WAIT 28
A 2
WAIT 28
A 2
WAIT 28
A 2
WAIT 28
A 2
WAIT 28
A 2
WAIT 28
A 2
WAIT 28
A 2
WAIT 28
A 2
WAIT 28
A 2
WAIT 28
A 2
WAIT 28
A 2
WAIT 28
A 2
WAIT 28
A 2
WAIT 28
A 2
WAIT 28
A 2
WAIT 28
A 2
WAIT 28
A 2
WAIT 28
A 2
WAIT 28
A 2
WAIT 28
A 2
WAIT 28
A 2
WAIT 28
A 2
WAIT 28
A 2
WAIT 28
A 2
WAIT 28
A 2
WAIT 28
A 2
WAIT 28
A 2
WAIT 28
A 2
WAIT 28
A 2
WAIT 28
A 2
WAIT 28
A 2
WAIT 28
A 2
WAIT 28
A 2
WAIT 28
A 2
WAIT 28
A 2
WAIT 28
A 2
WAIT 28
A 2
WAIT 28
A 2
WAIT 28
A 2
WAIT 28
A 2
WAIT 28
A 2
WAIT 28
A 2
WAIT 28
A 2
WAIT 28
A 2
WAIT 28
A 2
WAIT 28
A 2
WAIT 28
A 2
WAIT 28
A 2
WAIT 28
A 2
WAIT 28
A 2
WAIT 28
A 2
WAIT 28
A 2
WAIT 28
A 2
WAIT 28
A 2
WAIT 28
A 2
WAIT 28
A 2
WAIT 28
A 2
WAIT 28
A 2
WAIT 28
A 2
WAIT 28
A 2
WAIT 28
A 2
WAIT 28
A 2
WAIT 28
A 2
WAIT 28
A 2
WAIT 28
A 2
WAIT 28
A 2
WAIT 28
