# Deity-navigator checkpoint: power-on -> New Bark bedroom (PLAYERS_HOUSE_2F, map 24:7).
# Fixed, deterministic inputs (PyBoy replays identically from boot).
# Recipe: WAIT 800 boot; 1x START (title->main menu); A (NEW GAME);
#   then A-mash through Oak intro + name keyboard + closing speech. On the
#   keyboard the cursor stays on A, the 7th char fills the buffer and auto-jumps
#   to END, and the next A leaves the keyboard (name = AAAAAAA, irrelevant).
# Regenerate via .local/deity_freeze.py. Replay reaches 24:7 ~frame 4680.
WAIT 800
START 8
WAIT 150
WAIT 60
A 6
WAIT 120
A 3
WAIT 45
A 3
WAIT 45
A 3
WAIT 45
A 3
WAIT 45
A 3
WAIT 45
A 3
WAIT 45
A 3
WAIT 45
A 3
WAIT 45
A 3
WAIT 45
A 3
WAIT 45
A 3
WAIT 45
A 3
WAIT 45
A 3
WAIT 45
A 3
WAIT 45
A 3
WAIT 45
A 3
WAIT 45
A 3
WAIT 45
A 3
WAIT 45
A 3
WAIT 45
A 3
WAIT 45
A 3
WAIT 45
A 3
WAIT 45
A 3
WAIT 45
A 3
WAIT 45
A 3
WAIT 45
A 3
WAIT 45
A 3
WAIT 45
A 3
WAIT 45
A 3
WAIT 45
A 3
WAIT 45
A 3
WAIT 45
A 3
WAIT 45
A 3
WAIT 45
A 3
WAIT 45
A 3
WAIT 45
A 3
WAIT 45
A 3
WAIT 45
A 3
WAIT 45
A 3
WAIT 45
A 3
WAIT 45
A 3
WAIT 45
A 3
WAIT 45
A 3
WAIT 45
A 3
WAIT 45
A 3
WAIT 45
A 3
WAIT 45
A 3
WAIT 45
A 3
WAIT 45
A 3
WAIT 45
A 3
WAIT 45
A 3
WAIT 45
A 3
WAIT 45
A 3
WAIT 45
A 3
WAIT 45
A 3
WAIT 45
A 3
WAIT 45
A 3
WAIT 45
A 3
WAIT 45
A 3
WAIT 45
A 3
WAIT 45
A 3
WAIT 45
A 3
WAIT 45
A 3
WAIT 45
A 3
WAIT 45
A 3
WAIT 45
A 3
WAIT 45
A 3
WAIT 45
A 3
WAIT 45
A 3
WAIT 45
A 3
WAIT 45
A 3
WAIT 45
A 3
WAIT 45
A 3
WAIT 45
A 3
WAIT 45
A 3
WAIT 45
A 3
WAIT 45
A 3
WAIT 45
A 3
WAIT 45
A 3
WAIT 45
A 3
WAIT 45
A 3
WAIT 45
A 3
WAIT 45
A 3
WAIT 45
A 3
WAIT 45
A 3
WAIT 45
A 3
WAIT 45
A 3
WAIT 45
A 3
WAIT 45
A 3
WAIT 45
