# Deity-navigator bounded-search extension for map==ROUTE_30.
# Chained after checkpoint route46_south; generated by navigate --search-to.
# Temporary PyBoy save-states were used only during search, not as proof.
DOWN 16
WAIT 84
DOWN 16
WAIT 84
DOWN 16
WAIT 84
DOWN 16
WAIT 84
DOWN 16
WAIT 84
LEFT 16
WAIT 84
LEFT 16
WAIT 84
DOWN 16
WAIT 84
DOWN 16
WAIT 84
LEFT 16
WAIT 84
LEFT 16
WAIT 84
UP 16
WAIT 84
LEFT 16
WAIT 84
LEFT 16
WAIT 84
LEFT 16
WAIT 84
DOWN 16
WAIT 84
DOWN 16
WAIT 84
LEFT 16
WAIT 84
LEFT 16
WAIT 84
LEFT 16
WAIT 84
LEFT 16
WAIT 84
LEFT 16
WAIT 84
LEFT 16
WAIT 84
LEFT 16
WAIT 84
LEFT 16
WAIT 84
LEFT 16
WAIT 84
LEFT 16
WAIT 84
LEFT 16
WAIT 84
LEFT 16
WAIT 84
LEFT 16
WAIT 84
UP 16
WAIT 84
UP 16
WAIT 84
LEFT 16
WAIT 84
LEFT 16
WAIT 84
LEFT 16
WAIT 84
LEFT 16
WAIT 84
LEFT 16
WAIT 84
LEFT 16
WAIT 84
LEFT 16
WAIT 84
LEFT 16
WAIT 84
UP 16
WAIT 84
UP 16
WAIT 84
UP 16
WAIT 84
