# Deity-navigator route extension: new_game checkpoint -> first Route 29 wild battle.
# This file is chained after new_game.input.log by route29_first_wild.manifest.json.
WAIT 300

# Bedroom -> 1F stairs.
RIGHT 8
WAIT 24
RIGHT 8
WAIT 24
RIGHT 8
WAIT 24
RIGHT 8
WAIT 24
RIGHT 8
WAIT 24
UP 8
WAIT 24
UP 8
WAIT 24
UP 8
WAIT 24
RIGHT 8
WAIT 24
UP 8
WAIT 24
UP 8
WAIT 24

# Mom/Pokegear/day/phone intro, then leave house.
WAIT 240
A 3
WAIT 42
A 3
WAIT 42
A 3
WAIT 42
A 3
WAIT 42
A 3
WAIT 42
A 3
WAIT 42
A 3
WAIT 42
A 3
WAIT 42
A 3
WAIT 42
A 3
WAIT 42
A 3
WAIT 42
A 3
WAIT 42
A 3
WAIT 42
A 3
WAIT 42
A 3
WAIT 42
A 3
WAIT 42
A 3
WAIT 42
A 3
WAIT 42
A 3
WAIT 42
A 3
WAIT 42
A 3
WAIT 42
A 3
WAIT 42
A 3
WAIT 42
A 3
WAIT 42
A 3
WAIT 42
A 3
WAIT 42
A 3
WAIT 42
A 3
WAIT 42
A 3
WAIT 42
A 3
WAIT 42
A 3
WAIT 42
A 3
WAIT 42
A 3
WAIT 42
A 3
WAIT 42
A 3
WAIT 42
A 3
WAIT 42
A 3
WAIT 42
A 3
WAIT 42
A 3
WAIT 42
A 3
WAIT 42
A 3
WAIT 42
A 3
WAIT 42
A 3
WAIT 42
A 3
WAIT 42
A 3
WAIT 42
A 3
WAIT 42
A 3
WAIT 42
A 3
WAIT 42
A 3
WAIT 42
A 3
WAIT 42
A 3
WAIT 42
A 3
WAIT 42
A 3
WAIT 42
A 3
WAIT 42
A 3
WAIT 42
A 3
WAIT 42
A 3
WAIT 42
A 3
WAIT 42
A 3
WAIT 42
A 3
WAIT 42
A 3
WAIT 42
A 3
WAIT 42
A 3
WAIT 42
A 3
WAIT 42
A 3
WAIT 42
A 3
WAIT 42
A 3
WAIT 42
A 3
WAIT 42
A 3
WAIT 42
A 3
WAIT 42
A 3
WAIT 42
A 3
WAIT 42
A 3
WAIT 42
A 3
WAIT 42
A 3
WAIT 42
A 3
WAIT 42
A 3
WAIT 42
A 3
WAIT 42
A 3
WAIT 42
DOWN 8
WAIT 28
DOWN 8
WAIT 28
DOWN 8
WAIT 28
DOWN 8
WAIT 28
DOWN 8
WAIT 28
DOWN 8
WAIT 28
LEFT 8
WAIT 28
LEFT 8
WAIT 28
LEFT 8
WAIT 28
DOWN 8
WAIT 28
DOWN 8
WAIT 28
WAIT 180

# New Bark -> Elm lab, clear intro, choose Cyndaquil.
LEFT 8
WAIT 32
LEFT 8
WAIT 32
LEFT 8
WAIT 32
LEFT 8
WAIT 32
LEFT 8
WAIT 32
LEFT 8
WAIT 32
LEFT 8
WAIT 32
LEFT 8
WAIT 32
UP 8
WAIT 32
UP 8
WAIT 32
UP 8
WAIT 32
UP 8
WAIT 32
WAIT 400
A 8
WAIT 82
A 8
WAIT 82
A 8
WAIT 82
A 8
WAIT 82
A 8
WAIT 82
A 8
WAIT 82
A 8
WAIT 82
A 8
WAIT 82
A 8
WAIT 82
A 8
WAIT 82
A 8
WAIT 82
A 8
WAIT 82
A 8
WAIT 82
A 8
WAIT 82
A 8
WAIT 82
A 8
WAIT 82
A 8
WAIT 82
A 8
WAIT 82
A 8
WAIT 82
A 8
WAIT 82
A 8
WAIT 82
A 8
WAIT 82
A 8
WAIT 82
A 8
WAIT 82
A 8
WAIT 82
A 8
WAIT 82
A 8
WAIT 82
A 8
WAIT 82
A 8
WAIT 82
A 8
WAIT 82
A 8
WAIT 82
DOWN 8
WAIT 52
DOWN 8
WAIT 52
RIGHT 8
WAIT 52
RIGHT 8
WAIT 52
A 8
WAIT 82
A 8
WAIT 82
A 8
WAIT 82
A 8
WAIT 82
A 8
WAIT 82
A 8
WAIT 82
A 8
WAIT 82
A 8
WAIT 82
A 8
WAIT 82
A 8
WAIT 82
A 8
WAIT 82
A 8
WAIT 82
A 8
WAIT 82
A 8
WAIT 82
A 8
WAIT 82
A 8
WAIT 82
A 8
WAIT 82
A 8
WAIT 82
A 8
WAIT 82
A 8
WAIT 82
A 8
WAIT 82
A 8
WAIT 82
A 8
WAIT 82
A 8
WAIT 82
A 8
WAIT 82
A 8
WAIT 82
A 8
WAIT 82
A 8
WAIT 82
A 8
WAIT 82
A 8
WAIT 82
A 8
WAIT 82
A 8
WAIT 82
A 8
WAIT 82
A 8
WAIT 82
A 8
WAIT 82
A 8
WAIT 82
A 8
WAIT 82

# Leave lab, accept aide potion, walk to Route 29 grass.
DOWN 8
WAIT 62
DOWN 8
WAIT 62
DOWN 8
WAIT 62
DOWN 8
WAIT 62
DOWN 8
WAIT 62
DOWN 8
WAIT 62
A 8
WAIT 82
A 8
WAIT 82
A 8
WAIT 82
A 8
WAIT 82
A 8
WAIT 82
A 8
WAIT 82
A 8
WAIT 82
A 8
WAIT 82
A 8
WAIT 82
A 8
WAIT 82
A 8
WAIT 82
DOWN 8
WAIT 62
DOWN 8
WAIT 62
DOWN 8
WAIT 62
DOWN 8
WAIT 62
WAIT 300
DOWN 8
WAIT 42

# Final locked-RTC grass pacing.
UP 8
WAIT 42
DOWN 8
WAIT 42
UP 8
WAIT 42
DOWN 8
WAIT 42
UP 8
WAIT 42
DOWN 8
WAIT 42
UP 8
WAIT 42
DOWN 8
WAIT 42
UP 8
WAIT 42
DOWN 8
WAIT 42
UP 8
WAIT 42
DOWN 8
WAIT 42
UP 8
WAIT 42
DOWN 8
WAIT 42
UP 8
WAIT 42
DOWN 8
WAIT 42
DOWN 8
WAIT 42
DOWN 8
WAIT 42
DOWN 8
WAIT 42

# Deterministic grass pacing under zeroed in-memory SRAM/RTC.
UP 8
WAIT 42

# Additional locked-RTC grass pacing to reach the first deterministic battle.
DOWN 8
WAIT 42
UP 8
WAIT 42
DOWN 8
WAIT 42
UP 8
WAIT 42
DOWN 8
WAIT 42
UP 8
WAIT 42
DOWN 8
WAIT 42
UP 8
WAIT 42
DOWN 8
WAIT 42
UP 8
WAIT 42
DOWN 8
WAIT 42
UP 8
WAIT 42
DOWN 8
WAIT 42
UP 8
WAIT 42
DOWN 8
WAIT 42
UP 8
WAIT 42
DOWN 8
WAIT 42
UP 8
WAIT 42
DOWN 8
WAIT 42
UP 8
WAIT 42
DOWN 8
WAIT 42
UP 8
WAIT 42
DOWN 8
WAIT 42
UP 8
WAIT 42
DOWN 8
WAIT 42
UP 8
WAIT 42
DOWN 8
WAIT 42
UP 8
WAIT 42
DOWN 8
WAIT 42
UP 8
WAIT 42
DOWN 8
WAIT 42
UP 8
WAIT 42
DOWN 8
WAIT 42
UP 8
WAIT 42
DOWN 8
WAIT 42
UP 8
WAIT 42
DOWN 8
WAIT 42
UP 8
WAIT 42
DOWN 8
WAIT 42
UP 8
WAIT 42
DOWN 8
WAIT 42
UP 8
WAIT 42
DOWN 8
WAIT 42
UP 8
WAIT 42
DOWN 8
WAIT 42
UP 8
WAIT 42
DOWN 8
WAIT 42
UP 8
WAIT 42
DOWN 8
WAIT 42
UP 8
WAIT 42
DOWN 8
WAIT 42
UP 8
WAIT 42
DOWN 8
WAIT 42
UP 8
WAIT 42
DOWN 8
WAIT 42
DOWN 8
WAIT 42
UP 8
WAIT 42
DOWN 8
WAIT 42
UP 8
WAIT 42
DOWN 8
WAIT 42
UP 8
WAIT 42
DOWN 8
WAIT 42
UP 8
WAIT 42
DOWN 8
WAIT 42
UP 8
WAIT 42
DOWN 8
WAIT 42
UP 8
WAIT 42
DOWN 8
WAIT 42
UP 8
WAIT 42
LEFT 8
WAIT 42
LEFT 8
WAIT 42
LEFT 8
WAIT 42
LEFT 8
WAIT 42
LEFT 8
WAIT 42
LEFT 8
WAIT 42
DOWN 8
WAIT 42
DOWN 8
WAIT 42
DOWN 8
WAIT 42
LEFT 8
WAIT 42
LEFT 8
WAIT 42
LEFT 8
WAIT 42
LEFT 8
WAIT 42
LEFT 8
WAIT 42
LEFT 8
WAIT 42
LEFT 8
WAIT 42
LEFT 8
WAIT 42
LEFT 8
WAIT 42
LEFT 8
WAIT 42
LEFT 8
WAIT 42
LEFT 8
WAIT 42
LEFT 8
WAIT 42
LEFT 8
WAIT 42
LEFT 8
WAIT 42
DOWN 8
WAIT 42
DOWN 8
WAIT 42
DOWN 8
WAIT 42
DOWN 8
WAIT 42
DOWN 8
WAIT 42
LEFT 8
WAIT 42
LEFT 8
WAIT 42
LEFT 8
WAIT 42
LEFT 8
WAIT 42
LEFT 8
WAIT 42
LEFT 8
WAIT 42
LEFT 8
WAIT 42
LEFT 8
WAIT 42
UP 8
WAIT 42
UP 8
WAIT 42
UP 8
WAIT 42
DOWN 8
WAIT 42
DOWN 8
WAIT 42
DOWN 8
WAIT 42
DOWN 8
WAIT 42

# Final locked-RTC grass pacing appended after route movement.
UP 8
WAIT 42
DOWN 8
WAIT 42
UP 8
WAIT 42
DOWN 8
WAIT 42
UP 8
WAIT 42
DOWN 8
WAIT 42
UP 8
WAIT 42
DOWN 8
WAIT 42
UP 8
WAIT 42
DOWN 8
WAIT 42
UP 8
WAIT 42
DOWN 8
WAIT 42
UP 8
WAIT 42
DOWN 8
WAIT 42
UP 8
WAIT 42
DOWN 8
WAIT 42

# Extra locked-RTC grass pacing after the final route movement.
UP 8
WAIT 42
DOWN 8
WAIT 42
UP 8
WAIT 42
DOWN 8
WAIT 42
UP 8
WAIT 42
DOWN 8
WAIT 42
UP 8
WAIT 42
DOWN 8
WAIT 42
UP 8
WAIT 42
DOWN 8
WAIT 42
UP 8
WAIT 42
DOWN 8
WAIT 42
UP 8
WAIT 42
DOWN 8
WAIT 42
UP 8
WAIT 42
DOWN 8
WAIT 42
UP 8
WAIT 42
DOWN 8
WAIT 42
UP 8
WAIT 42
DOWN 8
WAIT 42
UP 8
WAIT 42
DOWN 8
WAIT 42
UP 8
WAIT 42
DOWN 8
WAIT 42
UP 8
WAIT 42
DOWN 8
WAIT 42
UP 8
WAIT 42
DOWN 8
WAIT 42
UP 8
WAIT 42
DOWN 8
WAIT 42
UP 8
WAIT 42
DOWN 8
WAIT 42
UP 8
WAIT 42
DOWN 8
WAIT 42
UP 8
WAIT 42
DOWN 8
WAIT 42
UP 8
WAIT 42
DOWN 8
WAIT 42
UP 8
WAIT 42
DOWN 8
WAIT 42
UP 8
WAIT 42
DOWN 8
WAIT 42
UP 8
WAIT 42
DOWN 8
WAIT 42
UP 8
WAIT 42
DOWN 8
WAIT 42
UP 8
WAIT 42
DOWN 8
WAIT 42
UP 8
WAIT 42
DOWN 8
WAIT 42
UP 8
WAIT 42
DOWN 8
WAIT 42
UP 8
WAIT 42
DOWN 8
WAIT 42
