# Deity-navigator bounded-search extension for map==ROUTE_46.
# Chained after checkpoint route29_first_wild; generated by navigate --search-to.
# Temporary PyBoy save-states were used only during search, not as proof.
A 8
WAIT 152
A 8
WAIT 152
A 8
WAIT 152
DOWN 8
WAIT 152
RIGHT 8
WAIT 152
A 8
WAIT 152
A 8
WAIT 152
WAIT 200
LEFT 16
WAIT 84
LEFT 16
WAIT 84
LEFT 16
WAIT 84
LEFT 16
WAIT 84
DOWN 16
WAIT 84
DOWN 16
WAIT 84
UP 16
WAIT 84
LEFT 16
WAIT 84
LEFT 16
WAIT 84
LEFT 16
WAIT 84
LEFT 16
WAIT 84
UP 16
WAIT 84
UP 16
WAIT 84
UP 16
WAIT 84
UP 16
WAIT 84
RIGHT 16
WAIT 84
RIGHT 16
WAIT 84
RIGHT 16
WAIT 84
UP 16
WAIT 84
UP 16
WAIT 84
LEFT 16
WAIT 84
LEFT 16
WAIT 84
LEFT 16
WAIT 84
LEFT 16
WAIT 84
LEFT 16
WAIT 84
UP 16
WAIT 84
UP 16
WAIT 84
UP 16
WAIT 84
UP 16
WAIT 84
UP 16
WAIT 84
UP 16
WAIT 84
UP 16
WAIT 84
UP 16
WAIT 84
